  Determining projects to restore...
C:\Mahin\TSE Learning\Projects\RelationIMS\Relation_IMS\Relation_IMS.csproj : warning NU1510: PackageReference Microsoft.Extensions.DependencyInjection will not be pruned. Consider removing this package from your dependencies, as it is likely unnecessary. [C:\Mahin\TSE Learning\Projects\RelationIMS\Relation_IMS\Relation_IMS.sln]
  All projects are up-to-date for restore.
C:\Mahin\TSE Learning\Projects\RelationIMS\Relation_IMS\Relation_IMS.csproj : warning NU1510: PackageReference Microsoft.Extensions.DependencyInjection will not be pruned. Consider removing this package from your dependencies, as it is likely unnecessary.
C:\Program Files\dotnet\sdk\10.0.103\Microsoft.Common.CurrentVersion.targets(5381,5): warning MSB3026: Could not copy "C:\Mahin\TSE Learning\Projects\RelationIMS\Relation_IMS\obj\Debug\net10.0\apphost.exe" to "bin\Debug\net10.0\Relation_IMS.exe". Beginning retry 1 in 1000ms. The process cannot access the file 'C:\Mahin\TSE Learning\Projects\RelationIMS\Relation_IMS\bin\Debug\net10.0\Relation_IMS.exe' because it is being used by another process. The file is locked by: "Relation_IMS (2576)" [C:\Mahin\TSE Learning\Projects\RelationIMS\Relation_IMS\Relation_IMS.csproj]
C:\Program Files\dotnet\sdk\10.0.103\Microsoft.Common.CurrentVersion.targets(5381,5): warning MSB3026: Could not copy "C:\Mahin\TSE Learning\Projects\RelationIMS\Relation_IMS\obj\Debug\net10.0\apphost.exe" to "bin\Debug\net10.0\Relation_IMS.exe". Beginning retry 2 in 1000ms. The process cannot access the file 'C:\Mahin\TSE Learning\Projects\RelationIMS\Relation_IMS\bin\Debug\net10.0\Relation_IMS.exe' because it is being used by another process. The file is locked by: "Relation_IMS (2576)" [C:\Mahin\TSE Learning\Projects\RelationIMS\Relation_IMS\Relation_IMS.csproj]
C:\Program Files\dotnet\sdk\10.0.103\Microsoft.Common.CurrentVersion.targets(5381,5): warning MSB3026: Could not copy "C:\Mahin\TSE Learning\Projects\RelationIMS\Relation_IMS\obj\Debug\net10.0\apphost.exe" to "bin\Debug\net10.0\Relation_IMS.exe". Beginning retry 3 in 1000ms. The process cannot access the file 'C:\Mahin\TSE Learning\Projects\RelationIMS\Relation_IMS\bin\Debug\net10.0\Relation_IMS.exe' because it is being used by another process. The file is locked by: "Relation_IMS (2576)" [C:\Mahin\TSE Learning\Projects\RelationIMS\Relation_IMS\Relation_IMS.csproj]
C:\Program Files\dotnet\sdk\10.0.103\Microsoft.Common.CurrentVersion.targets(5381,5): warning MSB3026: Could not copy "C:\Mahin\TSE Learning\Projects\RelationIMS\Relation_IMS\obj\Debug\net10.0\apphost.exe" to "bin\Debug\net10.0\Relation_IMS.exe". Beginning retry 4 in 1000ms. The process cannot access the file 'C:\Mahin\TSE Learning\Projects\RelationIMS\Relation_IMS\bin\Debug\net10.0\Relation_IMS.exe' because it is being used by another process. The file is locked by: "Relation_IMS (2576)" [C:\Mahin\TSE Learning\Projects\RelationIMS\Relation_IMS\Relation_IMS.csproj]
C:\Program Files\dotnet\sdk\10.0.103\Microsoft.Common.CurrentVersion.targets(5381,5): warning MSB3026: Could not copy "C:\Mahin\TSE Learning\Projects\RelationIMS\Relation_IMS\obj\Debug\net10.0\apphost.exe" to "bin\Debug\net10.0\Relation_IMS.exe". Beginning retry 5 in 1000ms. The process cannot access the file 'C:\Mahin\TSE Learning\Projects\RelationIMS\Relation_IMS\bin\Debug\net10.0\Relation_IMS.exe' because it is being used by another process. The file is locked by: "Relation_IMS (2576)" [C:\Mahin\TSE Learning\Projects\RelationIMS\Relation_IMS\Relation_IMS.csproj]
C:\Program Files\dotnet\sdk\10.0.103\Microsoft.Common.CurrentVersion.targets(5381,5): warning MSB3026: Could not copy "C:\Mahin\TSE Learning\Projects\RelationIMS\Relation_IMS\obj\Debug\net10.0\apphost.exe" to "bin\Debug\net10.0\Relation_IMS.exe". Beginning retry 6 in 1000ms. The process cannot access the file 'C:\Mahin\TSE Learning\Projects\RelationIMS\Relation_IMS\bin\Debug\net10.0\Relation_IMS.exe' because it is being used by another process. The file is locked by: "Relation_IMS (2576)" [C:\Mahin\TSE Learning\Projects\RelationIMS\Relation_IMS\Relation_IMS.csproj]
C:\Program Files\dotnet\sdk\10.0.103\Microsoft.Common.CurrentVersion.targets(5381,5): warning MSB3026: Could not copy "C:\Mahin\TSE Learning\Projects\RelationIMS\Relation_IMS\obj\Debug\net10.0\apphost.exe" to "bin\Debug\net10.0\Relation_IMS.exe". Beginning retry 7 in 1000ms. The process cannot access the file 'C:\Mahin\TSE Learning\Projects\RelationIMS\Relation_IMS\bin\Debug\net10.0\Relation_IMS.exe' because it is being used by another process. The file is locked by: "Relation_IMS (2576)" [C:\Mahin\TSE Learning\Projects\RelationIMS\Relation_IMS\Relation_IMS.csproj]
C:\Program Files\dotnet\sdk\10.0.103\Microsoft.Common.CurrentVersion.targets(5381,5): warning MSB3026: Could not copy "C:\Mahin\TSE Learning\Projects\RelationIMS\Relation_IMS\obj\Debug\net10.0\apphost.exe" to "bin\Debug\net10.0\Relation_IMS.exe". Beginning retry 8 in 1000ms. The process cannot access the file 'C:\Mahin\TSE Learning\Projects\RelationIMS\Relation_IMS\bin\Debug\net10.0\Relation_IMS.exe' because it is being used by another process. The file is locked by: "Relation_IMS (2576)" [C:\Mahin\TSE Learning\Projects\RelationIMS\Relation_IMS\Relation_IMS.csproj]
C:\Program Files\dotnet\sdk\10.0.103\Microsoft.Common.CurrentVersion.targets(5381,5): warning MSB3026: Could not copy "C:\Mahin\TSE Learning\Projects\RelationIMS\Relation_IMS\obj\Debug\net10.0\apphost.exe" to "bin\Debug\net10.0\Relation_IMS.exe". Beginning retry 9 in 1000ms. The process cannot access the file 'C:\Mahin\TSE Learning\Projects\RelationIMS\Relation_IMS\bin\Debug\net10.0\Relation_IMS.exe' because it is being used by another process. The file is locked by: "Relation_IMS (2576)" [C:\Mahin\TSE Learning\Projects\RelationIMS\Relation_IMS\Relation_IMS.csproj]
C:\Program Files\dotnet\sdk\10.0.103\Microsoft.Common.CurrentVersion.targets(5381,5): warning MSB3026: Could not copy "C:\Mahin\TSE Learning\Projects\RelationIMS\Relation_IMS\obj\Debug\net10.0\apphost.exe" to "bin\Debug\net10.0\Relation_IMS.exe". Beginning retry 10 in 1000ms. The process cannot access the file 'C:\Mahin\TSE Learning\Projects\RelationIMS\Relation_IMS\bin\Debug\net10.0\Relation_IMS.exe' because it is being used by another process. The file is locked by: "Relation_IMS (2576)" [C:\Mahin\TSE Learning\Projects\RelationIMS\Relation_IMS\Relation_IMS.csproj]
C:\Program Files\dotnet\sdk\10.0.103\Microsoft.Common.CurrentVersion.targets(5381,5): error MSB3027: Could not copy "C:\Mahin\TSE Learning\Projects\RelationIMS\Relation_IMS\obj\Debug\net10.0\apphost.exe" to "bin\Debug\net10.0\Relation_IMS.exe". Exceeded retry count of 10. Failed. The file is locked by: "Relation_IMS (2576)" [C:\Mahin\TSE Learning\Projects\RelationIMS\Relation_IMS\Relation_IMS.csproj]
C:\Program Files\dotnet\sdk\10.0.103\Microsoft.Common.CurrentVersion.targets(5381,5): error MSB3021: Unable to copy file "C:\Mahin\TSE Learning\Projects\RelationIMS\Relation_IMS\obj\Debug\net10.0\apphost.exe" to "bin\Debug\net10.0\Relation_IMS.exe". The process cannot access the file 'C:\Mahin\TSE Learning\Projects\RelationIMS\Relation_IMS\bin\Debug\net10.0\Relation_IMS.exe' because it is being used by another process. [C:\Mahin\TSE Learning\Projects\RelationIMS\Relation_IMS\Relation_IMS.csproj]

Build FAILED.

C:\Mahin\TSE Learning\Projects\RelationIMS\Relation_IMS\Relation_IMS.csproj : warning NU1510: PackageReference Microsoft.Extensions.DependencyInjection will not be pruned. Consider removing this package from your dependencies, as it is likely unnecessary. [C:\Mahin\TSE Learning\Projects\RelationIMS\Relation_IMS\Relation_IMS.sln]
C:\Mahin\TSE Learning\Projects\RelationIMS\Relation_IMS\Relation_IMS.csproj : warning NU1510: PackageReference Microsoft.Extensions.DependencyInjection will not be pruned. Consider removing this package from your dependencies, as it is likely unnecessary.
C:\Program Files\dotnet\sdk\10.0.103\Microsoft.Common.CurrentVersion.targets(5381,5): warning MSB3026: Could not copy "C:\Mahin\TSE Learning\Projects\RelationIMS\Relation_IMS\obj\Debug\net10.0\apphost.exe" to "bin\Debug\net10.0\Relation_IMS.exe". Beginning retry 1 in 1000ms. The process cannot access the file 'C:\Mahin\TSE Learning\Projects\RelationIMS\Relation_IMS\bin\Debug\net10.0\Relation_IMS.exe' because it is being used by another process. The file is locked by: "Relation_IMS (2576)" [C:\Mahin\TSE Learning\Projects\RelationIMS\Relation_IMS\Relation_IMS.csproj]
C:\Program Files\dotnet\sdk\10.0.103\Microsoft.Common.CurrentVersion.targets(5381,5): warning MSB3026: Could not copy "C:\Mahin\TSE Learning\Projects\RelationIMS\Relation_IMS\obj\Debug\net10.0\apphost.exe" to "bin\Debug\net10.0\Relation_IMS.exe". Beginning retry 2 in 1000ms. The process cannot access the file 'C:\Mahin\TSE Learning\Projects\RelationIMS\Relation_IMS\bin\Debug\net10.0\Relation_IMS.exe' because it is being used by another process. The file is locked by: "Relation_IMS (2576)" [C:\Mahin\TSE Learning\Projects\RelationIMS\Relation_IMS\Relation_IMS.csproj]
C:\Program Files\dotnet\sdk\10.0.103\Microsoft.Common.CurrentVersion.targets(5381,5): warning MSB3026: Could not copy "C:\Mahin\TSE Learning\Projects\RelationIMS\Relation_IMS\obj\Debug\net10.0\apphost.exe" to "bin\Debug\net10.0\Relation_IMS.exe". Beginning retry 3 in 1000ms. The process cannot access the file 'C:\Mahin\TSE Learning\Projects\RelationIMS\Relation_IMS\bin\Debug\net10.0\Relation_IMS.exe' because it is being used by another process. The file is locked by: "Relation_IMS (2576)" [C:\Mahin\TSE Learning\Projects\RelationIMS\Relation_IMS\Relation_IMS.csproj]
C:\Program Files\dotnet\sdk\10.0.103\Microsoft.Common.CurrentVersion.targets(5381,5): warning MSB3026: Could not copy "C:\Mahin\TSE Learning\Projects\RelationIMS\Relation_IMS\obj\Debug\net10.0\apphost.exe" to "bin\Debug\net10.0\Relation_IMS.exe". Beginning retry 4 in 1000ms. The process cannot access the file 'C:\Mahin\TSE Learning\Projects\RelationIMS\Relation_IMS\bin\Debug\net10.0\Relation_IMS.exe' because it is being used by another process. The file is locked by: "Relation_IMS (2576)" [C:\Mahin\TSE Learning\Projects\RelationIMS\Relation_IMS\Relation_IMS.csproj]
C:\Program Files\dotnet\sdk\10.0.103\Microsoft.Common.CurrentVersion.targets(5381,5): warning MSB3026: Could not copy "C:\Mahin\TSE Learning\Projects\RelationIMS\Relation_IMS\obj\Debug\net10.0\apphost.exe" to "bin\Debug\net10.0\Relation_IMS.exe". Beginning retry 5 in 1000ms. The process cannot access the file 'C:\Mahin\TSE Learning\Projects\RelationIMS\Relation_IMS\bin\Debug\net10.0\Relation_IMS.exe' because it is being used by another process. The file is locked by: "Relation_IMS (2576)" [C:\Mahin\TSE Learning\Projects\RelationIMS\Relation_IMS\Relation_IMS.csproj]
C:\Program Files\dotnet\sdk\10.0.103\Microsoft.Common.CurrentVersion.targets(5381,5): warning MSB3026: Could not copy "C:\Mahin\TSE Learning\Projects\RelationIMS\Relation_IMS\obj\Debug\net10.0\apphost.exe" to "bin\Debug\net10.0\Relation_IMS.exe". Beginning retry 6 in 1000ms. The process cannot access the file 'C:\Mahin\TSE Learning\Projects\RelationIMS\Relation_IMS\bin\Debug\net10.0\Relation_IMS.exe' because it is being used by another process. The file is locked by: "Relation_IMS (2576)" [C:\Mahin\TSE Learning\Projects\RelationIMS\Relation_IMS\Relation_IMS.csproj]
C:\Program Files\dotnet\sdk\10.0.103\Microsoft.Common.CurrentVersion.targets(5381,5): warning MSB3026: Could not copy "C:\Mahin\TSE Learning\Projects\RelationIMS\Relation_IMS\obj\Debug\net10.0\apphost.exe" to "bin\Debug\net10.0\Relation_IMS.exe". Beginning retry 7 in 1000ms. The process cannot access the file 'C:\Mahin\TSE Learning\Projects\RelationIMS\Relation_IMS\bin\Debug\net10.0\Relation_IMS.exe' because it is being used by another process. The file is locked by: "Relation_IMS (2576)" [C:\Mahin\TSE Learning\Projects\RelationIMS\Relation_IMS\Relation_IMS.csproj]
C:\Program Files\dotnet\sdk\10.0.103\Microsoft.Common.CurrentVersion.targets(5381,5): warning MSB3026: Could not copy "C:\Mahin\TSE Learning\Projects\RelationIMS\Relation_IMS\obj\Debug\net10.0\apphost.exe" to "bin\Debug\net10.0\Relation_IMS.exe". Beginning retry 8 in 1000ms. The process cannot access the file 'C:\Mahin\TSE Learning\Projects\RelationIMS\Relation_IMS\bin\Debug\net10.0\Relation_IMS.exe' because it is being used by another process. The file is locked by: "Relation_IMS (2576)" [C:\Mahin\TSE Learning\Projects\RelationIMS\Relation_IMS\Relation_IMS.csproj]
C:\Program Files\dotnet\sdk\10.0.103\Microsoft.Common.CurrentVersion.targets(5381,5): warning MSB3026: Could not copy "C:\Mahin\TSE Learning\Projects\RelationIMS\Relation_IMS\obj\Debug\net10.0\apphost.exe" to "bin\Debug\net10.0\Relation_IMS.exe". Beginning retry 9 in 1000ms. The process cannot access the file 'C:\Mahin\TSE Learning\Projects\RelationIMS\Relation_IMS\bin\Debug\net10.0\Relation_IMS.exe' because it is being used by another process. The file is locked by: "Relation_IMS (2576)" [C:\Mahin\TSE Learning\Projects\RelationIMS\Relation_IMS\Relation_IMS.csproj]
C:\Program Files\dotnet\sdk\10.0.103\Microsoft.Common.CurrentVersion.targets(5381,5): warning MSB3026: Could not copy "C:\Mahin\TSE Learning\Projects\RelationIMS\Relation_IMS\obj\Debug\net10.0\apphost.exe" to "bin\Debug\net10.0\Relation_IMS.exe". Beginning retry 10 in 1000ms. The process cannot access the file 'C:\Mahin\TSE Learning\Projects\RelationIMS\Relation_IMS\bin\Debug\net10.0\Relation_IMS.exe' because it is being used by another process. The file is locked by: "Relation_IMS (2576)" [C:\Mahin\TSE Learning\Projects\RelationIMS\Relation_IMS\Relation_IMS.csproj]
C:\Program Files\dotnet\sdk\10.0.103\Microsoft.Common.CurrentVersion.targets(5381,5): error MSB3027: Could not copy "C:\Mahin\TSE Learning\Projects\RelationIMS\Relation_IMS\obj\Debug\net10.0\apphost.exe" to "bin\Debug\net10.0\Relation_IMS.exe". Exceeded retry count of 10. Failed. The file is locked by: "Relation_IMS (2576)" [C:\Mahin\TSE Learning\Projects\RelationIMS\Relation_IMS\Relation_IMS.csproj]
C:\Program Files\dotnet\sdk\10.0.103\Microsoft.Common.CurrentVersion.targets(5381,5): error MSB3021: Unable to copy file "C:\Mahin\TSE Learning\Projects\RelationIMS\Relation_IMS\obj\Debug\net10.0\apphost.exe" to "bin\Debug\net10.0\Relation_IMS.exe". The process cannot access the file 'C:\Mahin\TSE Learning\Projects\RelationIMS\Relation_IMS\bin\Debug\net10.0\Relation_IMS.exe' because it is being used by another process. [C:\Mahin\TSE Learning\Projects\RelationIMS\Relation_IMS\Relation_IMS.csproj]
    12 Warning(s)
    2 Error(s)

Time Elapsed 00:00:12.46
